Archive member included because of file (symbol)

/opt/gcc-arm-none-eabi/bin/../lib/gcc/arm-none-eabi/4.9.3/../../../../arm-none-eabi/lib/armv7e-m/fpu/libg.a(lib_a-memcpy.o)
                              build/obj/memstreams.o (memcpy)
/opt/gcc-arm-none-eabi/bin/../lib/gcc/arm-none-eabi/4.9.3/../../../../arm-none-eabi/lib/armv7e-m/fpu/libg.a(lib_a-strcasecmp.o)
                              build/obj/shell.o (strcasecmp)
/opt/gcc-arm-none-eabi/bin/../lib/gcc/arm-none-eabi/4.9.3/../../../../arm-none-eabi/lib/armv7e-m/fpu/libg.a(lib_a-strpbrk.o)
                              build/obj/shell.o (strpbrk)
/opt/gcc-arm-none-eabi/bin/../lib/gcc/arm-none-eabi/4.9.3/../../../../arm-none-eabi/lib/armv7e-m/fpu/libg.a(lib_a-strspn.o)
                              build/obj/shell.o (strspn)
/opt/gcc-arm-none-eabi/bin/../lib/gcc/arm-none-eabi/4.9.3/../../../../arm-none-eabi/lib/armv7e-m/fpu/libg.a(lib_a-ctype_.o)
                              /opt/gcc-arm-none-eabi/bin/../lib/gcc/arm-none-eabi/4.9.3/../../../../arm-none-eabi/lib/armv7e-m/fpu/libg.a(lib_a-strcasecmp.o) (__ctype_ptr__)

Discarded input sections

 .data          0x00000000        0x0 build/obj/crt0_v7m.o
 .bss           0x00000000        0x0 build/obj/crt0_v7m.o
 .data          0x00000000        0x0 build/obj/chcoreasm_v7m.o
 .bss           0x00000000        0x0 build/obj/chcoreasm_v7m.o
 .text          0x00000000        0x0 build/obj/crt1.o
 .data          0x00000000        0x0 build/obj/crt1.o
 .bss           0x00000000        0x0 build/obj/crt1.o
 .text.__early_init
                0x00000000       0x10 build/obj/crt1.o
 .text          0x00000000        0x0 build/obj/vectors.o
 .data          0x00000000        0x0 build/obj/vectors.o
 .bss           0x00000000        0x0 build/obj/vectors.o
 .text          0x00000000        0x0 build/obj/chsys.o
 .data          0x00000000        0x0 build/obj/chsys.o
 .bss           0x00000000        0x0 build/obj/chsys.o
 .text.port_get_irq_status
                0x00000000       0x20 build/obj/chsys.o
 .text.port_irq_enabled
                0x00000000       0x20 build/obj/chsys.o
 .text.port_is_isr_context
                0x00000000       0x20 build/obj/chsys.o
 .text.port_disable
                0x00000000       0x10 build/obj/chsys.o
 .text.port_rt_get_counter_value
                0x00000000       0x10 build/obj/chsys.o
 .text.chSysLock
                0x00000000       0x10 build/obj/chsys.o
 .text.chSysUnlock
                0x00000000       0x10 build/obj/chsys.o
 .text.chSysHalt
                0x00000000       0x20 build/obj/chsys.o
 .text.chSysIntegrityCheckI
                0x00000000      0x110 build/obj/chsys.o
 .text.chSysGetStatusAndLockX
                0x00000000       0x40 build/obj/chsys.o
 .text.chSysRestoreStatusX
                0x00000000       0x30 build/obj/chsys.o
 .text.chSysIsCounterWithinX
                0x00000000       0x30 build/obj/chsys.o
 .text.chSysPolledDelayX
                0x00000000       0x40 build/obj/chsys.o
 .text          0x00000000        0x0 build/obj/chdebug.o
 .data          0x00000000        0x0 build/obj/chdebug.o
 .bss           0x00000000        0x0 build/obj/chdebug.o
 .debug_info    0x00000000      0x6f2 build/obj/chdebug.o
 .debug_abbrev  0x00000000      0x123 build/obj/chdebug.o
 .debug_aranges
                0x00000000       0x18 build/obj/chdebug.o
 .debug_line    0x00000000      0x209 build/obj/chdebug.o
 .debug_str     0x00000000      0x568 build/obj/chdebug.o
 .comment       0x00000000       0x71 build/obj/chdebug.o
 .ARM.attributes
                0x00000000       0x39 build/obj/chdebug.o
 .text          0x00000000        0x0 build/obj/chvt.o
 .data          0x00000000        0x0 build/obj/chvt.o
 .bss           0x00000000        0x0 build/obj/chvt.o
 .text          0x00000000        0x0 build/obj/chschd.o
 .data          0x00000000        0x0 build/obj/chschd.o
 .bss           0x00000000        0x0 build/obj/chschd.o
 .text.chSchIsRescRequiredI
                0x00000000       0x20 build/obj/chschd.o
 .text.chSchRescheduleS
                0x00000000       0x20 build/obj/chschd.o
 .text.chSchDoRescheduleBehind
                0x00000000       0x40 build/obj/chschd.o
 .text          0x00000000        0x0 build/obj/chthreads.o
 .data          0x00000000        0x0 build/obj/chthreads.o
 .bss           0x00000000        0x0 build/obj/chthreads.o
 .text.list_insert
                0x00000000       0x20 build/obj/chthreads.o
 .text.chSchCanYieldS
                0x00000000       0x20 build/obj/chthreads.o
 .text.chSchDoYieldS
                0x00000000       0x20 build/obj/chthreads.o
 .text.chVTGetSystemTimeX
                0x00000000       0x10 build/obj/chthreads.o
 .text.chVTIsTimeWithinX
                0x00000000       0x30 build/obj/chthreads.o
 .text.chThdGetSelfX
                0x00000000       0x10 build/obj/chthreads.o
 .text.chThdStartI
                0x00000000       0x20 build/obj/chthreads.o
 .text.chThdStart
[...]
Memory Configuration

Name             Origin             Length             Attributes
flash            0x08000000         0x00100000
ram0             0x20000000         0x00020000
ram1             0x20000000         0x0001c000
ram2             0x2001c000         0x00004000
ram3             0x00000000         0x00000000
ram4             0x10000000         0x00010000
ram5             0x40024000         0x00001000
ram6             0x00000000         0x00000000
ram7             0x00000000         0x00000000
*default*        0x00000000         0xffffffff

Linker script and memory map

LOAD build/obj/crt0_v7m.o
LOAD build/obj/chcoreasm_v7m.o
LOAD build/obj/crt1.o
LOAD build/obj/vectors.o
LOAD build/obj/chsys.o
LOAD build/obj/chdebug.o
LOAD build/obj/chvt.o
LOAD build/obj/chschd.o
LOAD build/obj/chthreads.o
LOAD build/obj/chtm.o
LOAD build/obj/chdynamic.o
LOAD build/obj/chregistry.o
LOAD build/obj/chsem.o
LOAD build/obj/chmtx.o
LOAD build/obj/chcond.o
LOAD build/obj/chevents.o
LOAD build/obj/chmsg.o
LOAD build/obj/chmboxes.o
LOAD build/obj/chqueues.o
LOAD build/obj/chmemcore.o
LOAD build/obj/chheap.o
LOAD build/obj/chmempools.o
LOAD build/obj/chcore.o
LOAD build/obj/chcore_v7m.o
LOAD build/obj/osal.o
LOAD build/obj/hal.o
LOAD build/obj/st.o
LOAD build/obj/hal_queues.o
LOAD build/obj/hal_mmcsd.o
LOAD build/obj/adc.o
LOAD build/obj/icu.o
LOAD build/obj/pal.o
LOAD build/obj/serial.o
LOAD build/obj/spi.o
LOAD build/obj/nvic.o
LOAD build/obj/stm32_dma.o
LOAD build/obj/hal_lld.o
LOAD build/obj/st_lld.o
LOAD build/obj/adc_lld.o
LOAD build/obj/pal_lld.o
LOAD build/obj/spi_lld.o
LOAD build/obj/icu_lld.o
LOAD build/obj/serial_lld.o
LOAD build/obj/board.o
LOAD build/obj/lis302dl.o
LOAD build/obj/shell.o
LOAD build/obj/memstreams.o
LOAD build/obj/chprintf.o
LOAD build/obj/main.o
                0x20000000                __ram0_start__ = ORIGIN (ram0)
                0x00020000                __ram0_size__ = 0x20000
                0x20020000                __ram0_end__ = (__ram0_start__ + __ram0_size__)
                0x20000000                __ram1_start__ = ORIGIN (ram1)
                0x0001c000                __ram1_size__ = 0x1c000
                0x2001c000                __ram1_end__ = (__ram1_start__ + __ram1_size__)
                0x2001c000                __ram2_start__ = ORIGIN (ram2)
                0x00004000                __ram2_size__ = 0x4000
                0x20020000                __ram2_end__ = (__ram2_start__ + __ram2_size__)
                0x00000000                __ram3_start__ = ORIGIN (ram3)
                0x00000000                __ram3_size__ = 0x0
                0x00000000                __ram3_end__ = (__ram3_start__ + __ram3_size__)
                0x10000000                __ram4_start__ = ORIGIN (ram4)
                0x00010000                __ram4_size__ = 0x10000
                0x10010000                __ram4_end__ = (__ram4_start__ + __ram4_size__)
                0x40024000                __ram5_start__ = ORIGIN (ram5)
                0x00001000                __ram5_size__ = 0x1000
                0x40025000                __ram5_end__ = (__ram5_start__ + __ram5_size__)
                0x00000000                __ram6_start__ = ORIGIN (ram6)
                0x00000000                __ram6_size__ = 0x0
                0x00000000                __ram6_end__ = (__ram6_start__ + __ram6_size__)
                0x00000000                __ram7_start__ = ORIGIN (ram7)
                0x00000000                __ram7_size__ = 0x0
                0x00000000                __ram7_end__ = (__ram7_start__ + __ram7_size__)
                0x00000000                . = 0x0
                0x00000000                _text = .

startup         0x08000000      0x1c0
 *(.vectors)
 .vectors       0x08000000      0x1c0 build/obj/vectors.o
                0x08000000                _vectors

constructors    0x080001c0        0x0
                0x080001c0                PROVIDE (__init_array_start, .)
 *(SORT(.init_array.*))
 *(.init_array)
                0x080001c0                PROVIDE (__init_array_end, .)

destructors     0x080001c0        0x0
                0x080001c0                PROVIDE (__fini_array_start, .)
 *(.fini_array)
 *(SORT(.fini_array.*))
                0x080001c0                PROVIDE (__fini_array_end, .)

.text           0x080001c0     0x300c
 *(.text)
 .text          0x080001c0       0xf4 build/obj/crt0_v7m.o
                0x080001c0                Reset_Handler
 *fill*         0x080002b4        0xc 
 .text          0x080002c0       0x30 build/obj/chcoreasm_v7m.o
                0x080002c0                _port_switch
                0x080002d8                _port_thread_start
                0x080002e8                _port_switch_from_isr
                0x080002ec                _port_exit_from_isr
 *(.text.*)
 .text.__late_init
                0x080002f0       0x10 build/obj/crt1.o
                0x080002f0                __late_init
 .text.__default_exit
                0x08000300       0x10 build/obj/crt1.o
                0x08000300                __default_exit
 .text._unhandled_exception
                0x08000310       0x10 build/obj/vectors.o
                0x08000310                Vector58
                0x08000310                VectorE8
                0x08000310                Vector9C
                0x08000310                VectorAC
                0x08000310                DebugMon_Handler
                0x08000310                Vector1A0
                0x08000310                Vector5C
                0x08000310                Vector11C
                0x08000310                HardFault_Handler
                0x08000310                Vector1B8
                0x08000310                Vector19C
                0x08000310                Vector8C
                0x08000310                VectorDC
                0x08000310                PendSV_Handler
                0x08000310                Vector168
                0x08000310                NMI_Handler
                0x08000310                Vector110
                0x08000310                VectorC8
                0x08000310                Vector94
                0x08000310                VectorA8
                0x08000310                VectorB4
                0x08000310                Vector160
                0x08000310                Vector1B0
                0x08000310                UsageFault_Handler
                0x08000310                VectorEC
                0x08000310                Vector40
                0x08000310                VectorF8
                0x08000310                VectorBC
                0x08000310                Vector190
                0x08000310                Vector148
                0x08000310                Vector188
                0x08000310                Vector198
                0x08000310                Vector118
                0x08000310                Vector64
                0x08000310                VectorCC
                0x08000310                Vector54
                0x08000310                Vector98
                0x08000310                Vector138
                0x08000310                Vector24
                0x08000310                Vector1AC
                0x08000310                Vector178
                0x08000310                Vector1A4
                0x08000310                VectorD0
                0x08000310                Vector1B4
                0x08000310                Vector140
                0x08000310                VectorE4
                0x08000310                VectorC0
                0x08000310                Vector134
                0x08000310                VectorF0
                0x08000310                Vector13C
                0x08000310                Vector100
                0x08000310                VectorE0
                0x08000310                VectorF4
                0x08000310                MemManage_Handler
                0x08000310                VectorA0
                0x08000310                VectorC4
                0x08000310                Vector180
                0x08000310                Vector90
                0x08000310                Vector114
                0x08000310                Vector164
                0x08000310                Vector60
                0x08000310                Vector1C
                0x08000310                Vector1BC
                0x08000310                Vector17C
                0x08000310                Vector48
                0x08000310                Vector1A8
                0x08000310                Vector16C
                0x08000310                VectorD4
                0x08000310                Vector4C
                0x08000310                Vector144
                0x08000310                Vector15C
                0x08000310                Vector68
                0x08000310                _unhandled_exception
                0x08000310                Vector170
                0x08000310                Vector104
                0x08000310                Vector184
                0x08000310                Vector10C
                0x08000310                Vector14C
                0x08000310                BusFault_Handler
                0x08000310                Vector50
                0x08000310                Vector194
                0x08000310                Vector44
                0x08000310                Vector28
                0x08000310                VectorB8
                0x08000310                Vector34
                0x08000310                VectorA4
                0x08000310                Vector20
                0x08000310                Vector18C
                0x08000310                Vector174
 .text.NVIC_SetPriorityGrouping
                0x08000320       0x40 build/obj/chsys.o
 .text.NVIC_SetPriority
                0x08000360       0x50 build/obj/chsys.o
 .text.port_init
                0x080003b0       0x50 build/obj/chsys.o
 .text.port_lock
                0x08000400       0x10 build/obj/chsys.o
 .text.port_unlock
                0x08000410       0x10 build/obj/chsys.o
 .text.port_lock_from_isr
                0x08000420       0x10 build/obj/chsys.o
 .text.port_unlock_from_isr
                0x08000430       0x10 build/obj/chsys.o
 .text.port_enable
                0x08000440       0x20 build/obj/chsys.o
 .text.port_wait_for_interrupt
                0x08000460       0x10 build/obj/chsys.o
 .text.chSysEnable
                0x08000470       0x10 build/obj/chsys.o
 .text.chSysLockFromISR
                0x08000480       0x10 build/obj/chsys.o
 .text.chSysUnlockFromISR
                0x08000490       0x10 build/obj/chsys.o
 .text.chVTDoTickI
                0x080004a0       0x70 build/obj/chsys.o
 .text._idle_thread
                0x08000510       0x20 build/obj/chsys.o
 .text.chSysInit
                0x08000530       0x70 build/obj/chsys.o
                0x08000530                chSysInit
 .text.chSysTimerHandlerI
                0x080005a0       0x10 build/obj/chsys.o
                0x080005a0                chSysTimerHandlerI
 .text._vt_init
                0x080005b0       0x30 build/obj/chvt.o
                0x080005b0                _vt_init
 .text.chVTDoSetI
                0x080005e0       0x80 build/obj/chvt.o
                0x080005e0                chVTDoSetI
 .text.chVTDoResetI
                0x08000660       0x40 build/obj/chvt.o
                0x08000660                chVTDoResetI
 .text.port_lock
                0x080006a0       0x10 build/obj/chschd.o
 .text.port_unlock
                0x080006b0       0x10 build/obj/chschd.o
 .text.port_lock_from_isr
                0x080006c0       0x10 build/obj/chschd.o
 .text.port_unlock_from_isr
                0x080006d0       0x10 build/obj/chschd.o
 .text.queue_init
                0x080006e0       0x20 build/obj/chschd.o
 .text.queue_fifo_remove
                0x08000700       0x30 build/obj/chschd.o
 .text.queue_dequeue
                0x08000730       0x20 build/obj/chschd.o
 .text.chSysLockFromISR
                0x08000750       0x10 build/obj/chschd.o
 .text.chSysUnlockFromISR
                0x08000760       0x10 build/obj/chschd.o
 .text.chVTIsArmedI
                0x08000770       0x20 build/obj/chschd.o
 .text.chSemFastSignalI
                0x08000790       0x20 build/obj/chschd.o
 .text._scheduler_init
                0x080007b0       0x20 build/obj/chschd.o
                0x080007b0                _scheduler_init
 .text.chSchReadyI
                0x080007d0       0x50 build/obj/chschd.o
                0x080007d0                chSchReadyI
 .text.chSchGoSleepS
                0x08000820       0x50 build/obj/chschd.o
                0x08000820                chSchGoSleepS
 .text.wakeup   0x08000870       0x80 build/obj/chschd.o
 .text.chSchGoSleepTimeoutS
                0x080008f0       0x70 build/obj/chschd.o
                0x080008f0                chSchGoSleepTimeoutS
 .text.chSchWakeupS
                0x08000960       0x50 build/obj/chschd.o
                0x08000960                chSchWakeupS
 .text.chSchIsPreemptionRequired
                0x080009b0       0x30 build/obj/chschd.o
                0x080009b0                chSchIsPreemptionRequired
 .text.chSchDoRescheduleAhead
                0x080009e0       0x70 build/obj/chschd.o
                0x080009e0                chSchDoRescheduleAhead
 .text.chSchDoReschedule
                0x08000a50       0x10 build/obj/chschd.o
                0x08000a50                chSchDoReschedule
 .text.port_lock
                0x08000a60       0x10 build/obj/chthreads.o
 .text.port_unlock
                0x08000a70       0x10 build/obj/chthreads.o
 .text.list_init
                0x08000a80       0x10 build/obj/chthreads.o
 .text.list_notempty
                0x08000a90       0x20 build/obj/chthreads.o
 .text.queue_init
                0x08000ab0       0x20 build/obj/chthreads.o
 .text.queue_notempty
                0x08000ad0       0x20 build/obj/chthreads.o
 .text.list_remove
                0x08000af0       0x20 build/obj/chthreads.o
 .text.queue_insert
                0x08000b10       0x30 build/obj/chthreads.o
 .text.queue_fifo_remove
                0x08000b40       0x30 build/obj/chthreads.o
 .text.chSysLock
                0x08000b70       0x10 build/obj/chthreads.o
 .text.chSysUnlock
                0x08000b80       0x10 build/obj/chthreads.o
 .text.chThdSleepS
                0x08000b90       0x20 build/obj/chthreads.o
 .text.chThdDoDequeueNextI
                0x08000bb0       0x30 build/obj/chthreads.o
 .text._thread_init
                0x08000be0       0x80 build/obj/chthreads.o
                0x08000be0                _thread_init
 .text.chThdCreateI
                0x08000c60       0x50 build/obj/chthreads.o
                0x08000c60                chThdCreateI
 .text.chThdCreateStatic
                0x08000cb0       0x40 build/obj/chthreads.o
                0x08000cb0                chThdCreateStatic
 .text.chThdSleep
                0x08000cf0       0x20 build/obj/chthreads.o
                0x08000cf0                chThdSleep
 .text.chThdExit
                0x08000d10       0x20 build/obj/chthreads.o
                0x08000d10                chThdExit
 .text.chThdExitS
                0x08000d30       0x70 build/obj/chthreads.o
                0x08000d30                chThdExitS
 .text.chThdResumeI
                0x08000da0       0x30 build/obj/chthreads.o
                0x08000da0                chThdResumeI
 .text.chThdEnqueueTimeoutS
                0x08000dd0       0x40 build/obj/chthreads.o
                0x08000dd0                chThdEnqueueTimeoutS
 .text.chThdDequeueNextI
                0x08000e10       0x30 build/obj/chthreads.o
                0x08000e10                chThdDequeueNextI
 .text.port_rt_get_counter_value
                0x08000e40       0x10 build/obj/chtm.o
 .text.tm_stop  0x08000e50       0x70 build/obj/chtm.o
 .text._tm_init
                0x08000ec0       0x40 build/obj/chtm.o
                0x08000ec0                _tm_init
 .text.chTMObjectInit
                0x08000f00       0x30 build/obj/chtm.o
                0x08000f00                chTMObjectInit
 .text.chTMStartMeasurementX
                0x08000f30       0x20 build/obj/chtm.o
                0x08000f30                chTMStartMeasurementX
 .text.chTMStopMeasurementX
                0x08000f50       0x30 build/obj/chtm.o
                0x08000f50                chTMStopMeasurementX
 .text.queue_init
                0x08000f80       0x20 build/obj/chmtx.o
 .text.chMtxObjectInit
                0x08000fa0       0x20 build/obj/chmtx.o
                0x08000fa0                chMtxObjectInit
 .text.chEvtBroadcastFlagsI
                0x08000fc0       0x60 build/obj/chevents.o
                0x08000fc0                chEvtBroadcastFlagsI
 .text.chEvtSignalI
                0x08001020       0x60 build/obj/chevents.o
                0x08001020                chEvtSignalI
 .text.port_lock
                0x08001080       0x10 build/obj/chqueues.o
 .text.port_unlock
                0x08001090       0x10 build/obj/chqueues.o
 .text.queue_init
                0x080010a0       0x20 build/obj/chqueues.o
 .text.chSysLock
                0x080010c0       0x10 build/obj/chqueues.o
 .text.chSysUnlock
                0x080010d0       0x10 build/obj/chqueues.o
 .text.chThdQueueObjectInit
                0x080010e0       0x20 build/obj/chqueues.o
 .text.chIQIsEmptyI
                0x08001100       0x20 build/obj/chqueues.o
 .text.chIQIsFullI
                0x08001120       0x30 build/obj/chqueues.o
 .text.chOQIsEmptyI
                0x08001150       0x30 build/obj/chqueues.o
 .text.chOQIsFullI
                0x08001180       0x20 build/obj/chqueues.o
 .text.chIQObjectInit
                0x080011a0       0x50 build/obj/chqueues.o
                0x080011a0                chIQObjectInit
 .text.chIQPutI
                0x080011f0       0x60 build/obj/chqueues.o
                0x080011f0                chIQPutI
 .text.chIQGetTimeout
                0x08001250       0x90 build/obj/chqueues.o
                0x08001250                chIQGetTimeout
 .text.chIQReadTimeout
                0x080012e0       0xb0 build/obj/chqueues.o
                0x080012e0                chIQReadTimeout
 .text.chOQObjectInit
                0x08001390       0x50 build/obj/chqueues.o
                0x08001390                chOQObjectInit
 .text.chOQPutTimeout
                0x080013e0       0x90 build/obj/chqueues.o
                0x080013e0                chOQPutTimeout
 .text.chOQGetI
                0x08001470       0x60 build/obj/chqueues.o
                0x08001470                chOQGetI
 .text.chOQWriteTimeout
                0x080014d0       0xb0 build/obj/chqueues.o
                0x080014d0                chOQWriteTimeout
 .text.port_lock
                0x08001580       0x10 build/obj/chmemcore.o
 .text.port_unlock
                0x08001590       0x10 build/obj/chmemcore.o
 .text.chSysLock
                0x080015a0       0x10 build/obj/chmemcore.o
 .text.chSysUnlock
                0x080015b0       0x10 build/obj/chmemcore.o
 .text._core_init
                0x080015c0       0x30 build/obj/chmemcore.o
                0x080015c0                _core_init
 .text.chCoreAlloc
                0x080015f0       0x20 build/obj/chmemcore.o
                0x080015f0                chCoreAlloc
 .text.chCoreAllocI
                0x08001610       0x50 build/obj/chmemcore.o
                0x08001610                chCoreAllocI
 .text._heap_init
                0x08001660       0x30 build/obj/chheap.o
                0x08001660                _heap_init
 .text.port_lock
                0x08001690       0x10 build/obj/chcore_v7m.o
 .text.port_unlock
                0x080016a0       0x10 build/obj/chcore_v7m.o
 .text.port_lock_from_isr
                0x080016b0       0x10 build/obj/chcore_v7m.o
 .text.port_unlock_from_isr
                0x080016c0       0x10 build/obj/chcore_v7m.o
 .text.SVC_Handler
                0x080016d0       0x40 build/obj/chcore_v7m.o
                0x080016d0                SVC_Handler
 .text._port_irq_epilogue
                0x08001710       0x80 build/obj/chcore_v7m.o
                0x08001710                _port_irq_epilogue
 .text.osalInit
                0x08001790       0x10 build/obj/hal.o
 .text.halInit  0x080017a0       0x30 build/obj/hal.o
                0x080017a0                halInit
 .text.stInit   0x080017d0       0x10 build/obj/st.o
                0x080017d0                stInit
 .text.osalMutexObjectInit
                0x080017e0       0x20 build/obj/adc.o
 .text.adcInit  0x08001800       0x10 build/obj/adc.o
                0x08001800                adcInit
 .text.adcObjectInit
                0x08001810       0x40 build/obj/adc.o
                0x08001810                adcObjectInit
 .text.icuInit  0x08001850       0x10 build/obj/icu.o
                0x08001850                icuInit
 .text.icuObjectInit
                0x08001860       0x20 build/obj/icu.o
                0x08001860                icuObjectInit
 .text.port_lock
                0x08001880       0x10 build/obj/serial.o
 .text.port_unlock
                0x08001890       0x10 build/obj/serial.o
 .text.chSysLock
                0x080018a0       0x10 build/obj/serial.o
 .text.chSysUnlock
                0x080018b0       0x10 build/obj/serial.o
 .text.chEvtObjectInit
                0x080018c0       0x10 build/obj/serial.o
 .text.chIQIsEmptyI
                0x080018d0       0x20 build/obj/serial.o
 .text.osalSysLock
                0x080018f0       0x10 build/obj/serial.o
 .text.osalSysUnlock
                0x08001900       0x10 build/obj/serial.o
 .text.osalEventObjectInit
                0x08001910       0x20 build/obj/serial.o
 .text.osalEventBroadcastFlagsI
                0x08001930       0x20 build/obj/serial.o
 .text.write    0x08001950       0x30 build/obj/serial.o
 .text.read     0x08001980       0x30 build/obj/serial.o
 .text.put      0x080019b0       0x30 build/obj/serial.o
 .text.get      0x080019e0       0x20 build/obj/serial.o
 .text.putt     0x08001a00       0x30 build/obj/serial.o
 .text.gett     0x08001a30       0x20 build/obj/serial.o
 .text.writet   0x08001a50       0x30 build/obj/serial.o
 .text.readt    0x08001a80       0x30 build/obj/serial.o
 .text.sdInit   0x08001ab0       0x10 build/obj/serial.o
                0x08001ab0                sdInit
 .text.sdObjectInit
                0x08001ac0       0x70 build/obj/serial.o
                0x08001ac0                sdObjectInit
 .text.sdStart  0x08001b30       0x30 build/obj/serial.o
                0x08001b30                sdStart
 .text.sdIncomingDataI
                0x08001b60       0x60 build/obj/serial.o
                0x08001b60                sdIncomingDataI
 .text.osalMutexObjectInit
                0x08001bc0       0x20 build/obj/spi.o
 .text.spiInit  0x08001be0       0x10 build/obj/spi.o
                0x08001be0                spiInit
 .text.spiObjectInit
                0x08001bf0       0x30 build/obj/spi.o
                0x08001bf0                spiObjectInit
 .text.nvicEnableVector
                0x08001c20       0x60 build/obj/nvic.o
                0x08001c20                nvicEnableVector
 .text.nvicSetSystemHandlerPriority
                0x08001c80       0x30 build/obj/nvic.o
                0x08001c80                nvicSetSystemHandlerPriority
 .text.Vector6C
                0x08001cb0       0x40 build/obj/stm32_dma.o
                0x08001cb0                Vector6C
 .text.Vector70
                0x08001cf0       0x40 build/obj/stm32_dma.o
                0x08001cf0                Vector70
 .text.Vector74
                0x08001d30       0x40 build/obj/stm32_dma.o
                0x08001d30                Vector74
 .text.Vector78
                0x08001d70       0x40 build/obj/stm32_dma.o
                0x08001d70                Vector78
 .text.Vector7C
                0x08001db0       0x40 build/obj/stm32_dma.o
                0x08001db0                Vector7C
 .text.Vector80
                0x08001df0       0x40 build/obj/stm32_dma.o
                0x08001df0                Vector80
 .text.Vector84
                0x08001e30       0x40 build/obj/stm32_dma.o
                0x08001e30                Vector84
 .text.VectorFC
                0x08001e70       0x40 build/obj/stm32_dma.o
                0x08001e70                VectorFC
 .text.Vector120
                0x08001eb0       0x40 build/obj/stm32_dma.o
                0x08001eb0                Vector120
 .text.Vector124
                0x08001ef0       0x40 build/obj/stm32_dma.o
                0x08001ef0                Vector124
 .text.Vector128
                0x08001f30       0x40 build/obj/stm32_dma.o
                0x08001f30                Vector128
 .text.Vector12C
                0x08001f70       0x40 build/obj/stm32_dma.o
                0x08001f70                Vector12C
 .text.Vector130
                0x08001fb0       0x40 build/obj/stm32_dma.o
                0x08001fb0                Vector130
 .text.Vector150
                0x08001ff0       0x40 build/obj/stm32_dma.o
                0x08001ff0                Vector150
 .text.Vector154
                0x08002030       0x40 build/obj/stm32_dma.o
                0x08002030                Vector154
 .text.Vector158
                0x08002070       0x40 build/obj/stm32_dma.o
                0x08002070                Vector158
 .text.dmaInit  0x080020b0       0x70 build/obj/stm32_dma.o
                0x080020b0                dmaInit
 .text.hal_lld_backup_domain_init
                0x08002120       0x40 build/obj/hal_lld.o
 .text.hal_lld_init
                0x08002160       0x70 build/obj/hal_lld.o
                0x08002160                hal_lld_init
 .text.stm32_clock_init
                0x080021d0      0x120 build/obj/hal_lld.o
                0x080021d0                stm32_clock_init
 .text.port_lock
                0x080022f0       0x10 build/obj/st_lld.o
 .text.port_unlock
                0x08002300       0x10 build/obj/st_lld.o
 .text.port_lock_from_isr
                0x08002310       0x10 build/obj/st_lld.o
 .text.port_unlock_from_isr
                0x08002320       0x10 build/obj/st_lld.o
 .text.chSysLockFromISR
                0x08002330       0x10 build/obj/st_lld.o
 .text.chSysUnlockFromISR
                0x08002340       0x10 build/obj/st_lld.o
 .text.osalSysLockFromISR
                0x08002350       0x10 build/obj/st_lld.o
 .text.osalSysUnlockFromISR
                0x08002360       0x10 build/obj/st_lld.o
 .text.osalOsTimerHandlerI
                0x08002370       0x10 build/obj/st_lld.o
 .text.SysTick_Handler
                0x08002380       0x20 build/obj/st_lld.o
                0x08002380                SysTick_Handler
 .text.st_lld_init
                0x080023a0       0x30 build/obj/st_lld.o
                0x080023a0                st_lld_init
 .text.port_lock
                0x080023d0       0x10 build/obj/adc_lld.o
 .text.port_unlock
                0x080023e0       0x10 build/obj/adc_lld.o
 .text.port_lock_from_isr
                0x080023f0       0x10 build/obj/adc_lld.o
 .text.port_unlock_from_isr
                0x08002400       0x10 build/obj/adc_lld.o
 .text.chSysLockFromISR
                0x08002410       0x10 build/obj/adc_lld.o
 .text.chSysUnlockFromISR
                0x08002420       0x10 build/obj/adc_lld.o
 .text.osalSysLockFromISR
                0x08002430       0x10 build/obj/adc_lld.o
 .text.osalSysUnlockFromISR
                0x08002440       0x10 build/obj/adc_lld.o
 .text.osalThreadResumeI
                0x08002450       0x20 build/obj/adc_lld.o
 .text.Vector88
                0x08002470      0x110 build/obj/adc_lld.o
                0x08002470                Vector88
 .text.adc_lld_init
                0x08002580       0x60 build/obj/adc_lld.o
                0x08002580                adc_lld_init
 .text.adc_lld_stop_conversion
                0x080025e0       0x60 build/obj/adc_lld.o
                0x080025e0                adc_lld_stop_conversion
 .text.initgpio
                0x08002640       0x50 build/obj/pal_lld.o
 .text._pal_lld_init
                0x08002690       0xc0 build/obj/pal_lld.o
                0x08002690                _pal_lld_init
 .text._pal_lld_setgroupmode
                0x08002750      0x130 build/obj/pal_lld.o
                0x08002750                _pal_lld_setgroupmode
 .text.spi_lld_init
                0x08002880       0x50 build/obj/spi_lld.o
                0x08002880                spi_lld_init
 .text.icu_lld_serve_interrupt
                0x080028d0      0x100 build/obj/icu_lld.o
 .text.VectorB0
                0x080029d0       0x20 build/obj/icu_lld.o
                0x080029d0                VectorB0
 .text.Vector108
                0x080029f0       0x20 build/obj/icu_lld.o
                0x080029f0                Vector108
 .text.icu_lld_init
                0x08002a10       0x30 build/obj/icu_lld.o
                0x08002a10                icu_lld_init
 .text.port_lock
                0x08002a40       0x10 build/obj/serial_lld.o
 .text.port_unlock
                0x08002a50       0x10 build/obj/serial_lld.o
 .text.port_lock_from_isr
                0x08002a60       0x10 build/obj/serial_lld.o
 .text.port_unlock_from_isr
                0x08002a70       0x10 build/obj/serial_lld.o
 .text.chSysLockFromISR
                0x08002a80       0x10 build/obj/serial_lld.o
 .text.chSysUnlockFromISR
                0x08002a90       0x10 build/obj/serial_lld.o
 .text.chOQIsEmptyI
                0x08002aa0       0x30 build/obj/serial_lld.o
 .text.osalSysLockFromISR
                0x08002ad0       0x10 build/obj/serial_lld.o
 .text.osalSysUnlockFromISR
                0x08002ae0       0x10 build/obj/serial_lld.o
 .text.osalEventBroadcastFlagsI
                0x08002af0       0x20 build/obj/serial_lld.o
 .text.usart_init
                0x08002b10       0xa0 build/obj/serial_lld.o
 .text.set_error
                0x08002bb0       0x80 build/obj/serial_lld.o
 .text.serve_interrupt
                0x08002c30      0x140 build/obj/serial_lld.o
 .text.notify2  0x08002d70       0x20 build/obj/serial_lld.o
 .text.VectorD8
                0x08002d90       0x20 build/obj/serial_lld.o
                0x08002d90                VectorD8
 .text.sd_lld_init
                0x08002db0       0x20 build/obj/serial_lld.o
                0x08002db0                sd_lld_init
 .text.sd_lld_start
                0x08002dd0       0x50 build/obj/serial_lld.o
                0x08002dd0                sd_lld_start
 .text.__early_init
                0x08002e20       0x10 build/obj/board.o
                0x08002e20                __early_init
 .text.boardInit
                0x08002e30       0x10 build/obj/board.o
                0x08002e30                boardInit
 .text.port_enable
                0x08002e40       0x20 build/obj/main.o
 .text.chSysEnable
                0x08002e60       0x10 build/obj/main.o
 .text.osalSysEnable
                0x08002e70       0x10 build/obj/main.o
 .text.osalThreadSleep
                0x08002e80       0x20 build/obj/main.o
 .text.Thread1  0x08002ea0       0x40 build/obj/main.o
 .text.startBlinker
                0x08002ee0       0x30 build/obj/main.o
                0x08002ee0                startBlinker
 .text.main     0x08002f10       0x80 build/obj/main.o
                0x08002f10                main
 *(.rodata)
 .rodata        0x08002f90        0x8 build/obj/chsys.o
 *fill*         0x08002f98        0x8 
 .rodata        0x08002fa0       0x18 build/obj/main.o
 *(.rodata.*)
 *fill*         0x08002fb8        0x8 
 .rodata.ch_debug
                0x08002fc0       0x18 build/obj/chregistry.o
                0x08002fc0                ch_debug
 *fill*         0x08002fd8        0x8 
 .rodata.vmt    0x08002fe0       0x20 build/obj/serial.o
 .rodata._stm32_dma_streams
                0x08003000       0xc0 build/obj/stm32_dma.o
                0x08003000                _stm32_dma_streams
 .rodata.default_config
                0x080030c0        0xc build/obj/serial_lld.o
 *fill*         0x080030cc        0x4 
 .rodata.pal_default_config
                0x080030d0       0xfc build/obj/board.o
                0x080030d0                pal_default_config
 *(.glue_7t)
 .glue_7t       0x00000000        0x0 linker stubs
 *(.glue_7)
 .glue_7        0x00000000        0x0 linker stubs
 *(.gcc*)

.vfp11_veneer   0x080031cc        0x0
 .vfp11_veneer  0x00000000        0x0 linker stubs

.v4_bx          0x080031cc        0x0
 .v4_bx         0x00000000        0x0 linker stubs

.iplt           0x080031cc        0x0
 .iplt          0x00000000        0x0 build/obj/crt0_v7m.o

.rel.dyn        0x080031cc        0x0
 .rel.iplt      0x00000000        0x0 build/obj/crt0_v7m.o

.ARM.extab
 *(.ARM.extab* .gnu.linkonce.armextab.*)

.ARM.exidx      0x080031cc        0x0
                0x080031cc                PROVIDE (__exidx_start, .)
 *(.ARM.exidx* .gnu.linkonce.armexidx.*)
                0x080031cc                PROVIDE (__exidx_end, .)

.eh_frame_hdr
 *(.eh_frame_hdr)

.eh_frame
 *(.eh_frame)

.textalign      0x080031cc        0x4
                0x080031d0                . = ALIGN (0x8)
 *fill*         0x080031cc        0x4 
                0x080031d0                . = ALIGN (0x4)
                0x080031d0                _etext = .
                0x080031d0                _textdata = _etext

.mstack         0x20000000      0x400
                0x20000000                . = ALIGN (0x8)
                0x20000000                __main_stack_base__ = .
                0x20000400                . = (. + __main_stack_size__)
 *fill*         0x20000000      0x400 
                0x20000400                . = ALIGN (0x8)
                0x20000400                __main_stack_end__ = .

.pstack         0x20000400      0x400
                0x20000400                __process_stack_base__ = .
                0x20000400                __main_thread_stack_base__ = .
                0x20000800                . = (. + __process_stack_size__)
 *fill*         0x20000400      0x400 
                0x20000800                . = ALIGN (0x8)
                0x20000800                __process_stack_end__ = .
                0x20000800                __main_thread_stack_end__ = .

.data           0x20000800        0x0 load address 0x080031d0
                0x20000800                . = ALIGN (0x4)
                0x20000800                PROVIDE (_data, .)
 *(.data)
 *(.data.*)
 *(.ramtext)
                0x20000800                . = ALIGN (0x4)
                0x20000800                PROVIDE (_edata, .)

.igot.plt       0x20000800        0x0 load address 0x080031d0
 .igot.plt      0x00000000        0x0 build/obj/crt0_v7m.o

.bss            0x20000800      0x598 load address 0x080031d0
                0x20000800                . = ALIGN (0x4)
                0x20000800                PROVIDE (_bss_start, .)
 *(.bss)
 *(.bss.*)
 .bss.ch        0x20000800      0x1d8 build/obj/chschd.o
                0x20000800                ch
 .bss.nextmem   0x200009d8        0x4 build/obj/chmemcore.o
 .bss.endmem    0x200009dc        0x4 build/obj/chmemcore.o
 .bss.default_heap
                0x200009e0       0x20 build/obj/chheap.o
 .bss.dma_streams_mask
                0x20000a00        0x4 build/obj/stm32_dma.o
 .bss.dma_isr_redir
                0x20000a04       0x80 build/obj/stm32_dma.o
 .bss.ADCD1     0x20000a84       0x34 build/obj/adc_lld.o
                0x20000a84                ADCD1
 .bss.ADCD2     0x20000ab8       0x34 build/obj/adc_lld.o
                0x20000ab8                ADCD2
 .bss.SPID2     0x20000aec       0x30 build/obj/spi_lld.o
                0x20000aec                SPID2
 .bss.dummytx   0x20000b1c        0x2 build/obj/spi_lld.o
 *fill*         0x20000b1e        0x2 
 .bss.ICUD2     0x20000b20       0x18 build/obj/icu_lld.o
                0x20000b20                ICUD2
 .bss.ICUD5     0x20000b38       0x18 build/obj/icu_lld.o
                0x20000b38                ICUD5
 .bss.SD2       0x20000b50       0x78 build/obj/serial_lld.o
                0x20000b50                SD2
 .bss.waThread1
                0x20000bc8      0x1d0 build/obj/main.o
 *(COMMON)
                0x20000d98                . = ALIGN (0x4)
                0x20000d98                PROVIDE (_bss_end, .)
                0x20000d98                PROVIDE (end, .)

.ram0           0x20000d98        0x0 load address 0x080031d0
                0x20000d98                . = ALIGN (0x4)
 *(.ram0)
 *(.ram0.*)
                0x20000d98                . = ALIGN (0x4)
                0x20000d98                __ram0_free__ = .

.ram1           0x20000000        0x0
                0x20000000                . = ALIGN (0x4)
 *(.ram1)
 *(.ram1.*)
                0x20000000                . = ALIGN (0x4)
                0x20000000                __ram1_free__ = .

.ram2           0x2001c000        0x0
                0x2001c000                . = ALIGN (0x4)
 *(.ram2)
 *(.ram2.*)
                0x2001c000                . = ALIGN (0x4)
                0x2001c000                __ram2_free__ = .

.ram3           0x00000000        0x0
                0x00000000                . = ALIGN (0x4)
 *(.ram3)
 *(.ram3.*)
                0x00000000                . = ALIGN (0x4)
                0x00000000                __ram3_free__ = .

.ram4           0x10000000        0x0
                0x10000000                . = ALIGN (0x4)
 *(.ram4)
 *(.ram4.*)
                0x10000000                . = ALIGN (0x4)
                0x10000000                __ram4_free__ = .

.ram5           0x40024000        0x0
                0x40024000                . = ALIGN (0x4)
 *(.ram5)
 *(.ram5.*)
                0x40024000                . = ALIGN (0x4)
                0x40024000                __ram5_free__ = .

.ram6           0x00000000        0x0
                0x00000000                . = ALIGN (0x4)
 *(.ram6)
 *(.ram6.*)
                0x00000000                . = ALIGN (0x4)
                0x00000000                __ram6_free__ = .

.ram7           0x00000000        0x0
                0x00000000                . = ALIGN (0x4)
 *(.ram7)
 *(.ram7.*)
                0x00000000                . = ALIGN (0x4)
                0x00000000                __ram7_free__ = .
                0x20000d98                __heap_base__ = __ram0_free__
                0x20020000                __heap_end__ = __ram0_end__
                0x00000400                __process_stack_size__ = 0x400
                0x00000400                __main_stack_size__ = 0x400
START GROUP
LOAD /opt/gcc-arm-none-eabi/bin/../lib/gcc/arm-none-eabi/4.9.3/armv7e-m/fpu/libgcc.a
LOAD /opt/gcc-arm-none-eabi/bin/../lib/gcc/arm-none-eabi/4.9.3/../../../../arm-none-eabi/lib/armv7e-m/fpu/libg.a
LOAD /opt/gcc-arm-none-eabi/bin/../lib/gcc/arm-none-eabi/4.9.3/../../../../arm-none-eabi/lib/armv7e-m/fpu/libc.a
END GROUP
OUTPUT(build/ch.elf elf32-littlearm)

.ARM.attributes
                0x00000000       0x35
 .ARM.attributes
                0x00000000       0x25 build/obj/crt0_v7m.o
 .ARM.attributes
                0x00000025       0x25 build/obj/chcoreasm_v7m.o
 .ARM.attributes
                0x0000004a       0x39 build/obj/crt1.o
 .ARM.attributes
                0x00000083       0x39 build/obj/vectors.o
 .ARM.attributes
                0x000000bc       0x39 build/obj/chsys.o
 .ARM.attributes
                0x000000f5       0x39 build/obj/chvt.o
 .ARM.attributes
                0x0000012e       0x39 build/obj/chschd.o
 .ARM.attributes
                0x00000167       0x39 build/obj/chthreads.o
 .ARM.attributes
                0x000001a0       0x39 build/obj/chtm.o
 .ARM.attributes
                0x000001d9       0x39 build/obj/chregistry.o
 .ARM.attributes
                0x00000212       0x39 build/obj/chmtx.o
 .ARM.attributes
                0x0000024b       0x39 build/obj/chevents.o
 .ARM.attributes
                0x00000284       0x39 build/obj/chqueues.o
 .ARM.attributes
                0x000002bd       0x39 build/obj/chmemcore.o
 .ARM.attributes
                0x000002f6       0x39 build/obj/chheap.o
 .ARM.attributes
                0x0000032f       0x39 build/obj/chcore_v7m.o
 .ARM.attributes
                0x00000368       0x39 build/obj/hal.o
 .ARM.attributes
                0x000003a1       0x39 build/obj/st.o
 .ARM.attributes
                0x000003da       0x39 build/obj/adc.o
 .ARM.attributes
                0x00000413       0x39 build/obj/icu.o
 .ARM.attributes
                0x0000044c       0x39 build/obj/serial.o
 .ARM.attributes
                0x00000485       0x39 build/obj/spi.o
 .ARM.attributes
                0x000004be       0x39 build/obj/nvic.o
 .ARM.attributes
                0x000004f7       0x39 build/obj/stm32_dma.o
 .ARM.attributes
                0x00000530       0x39 build/obj/hal_lld.o
 .ARM.attributes
                0x00000569       0x39 build/obj/st_lld.o
 .ARM.attributes
                0x000005a2       0x39 build/obj/adc_lld.o
 .ARM.attributes
                0x000005db       0x39 build/obj/pal_lld.o
 .ARM.attributes
                0x00000614       0x39 build/obj/spi_lld.o
 .ARM.attributes
                0x0000064d       0x39 build/obj/icu_lld.o
 .ARM.attributes
                0x00000686       0x39 build/obj/serial_lld.o
 .ARM.attributes
                0x000006bf       0x39 build/obj/board.o
 .ARM.attributes
                0x000006f8       0x39 build/obj/main.o

.comment        0x00000000       0x70
 .comment       0x00000000       0x70 build/obj/crt1.o
                                 0x71 (size before relaxing)
 .comment       0x00000000       0x71 build/obj/vectors.o
 .comment       0x00000000       0x71 build/obj/chsys.o
 .comment       0x00000000       0x71 build/obj/chvt.o
 .comment       0x00000000       0x71 build/obj/chschd.o
 .comment       0x00000000       0x71 build/obj/chthreads.o
 .comment       0x00000000       0x71 build/obj/chtm.o
 .comment       0x00000000       0x71 build/obj/chregistry.o
 .comment       0x00000000       0x71 build/obj/chmtx.o
 .comment       0x00000000       0x71 build/obj/chevents.o
 .comment       0x00000000       0x71 build/obj/chqueues.o
 .comment       0x00000000       0x71 build/obj/chmemcore.o
 .comment       0x00000000       0x71 build/obj/chheap.o
 .comment       0x00000000       0x71 build/obj/chcore_v7m.o
 .comment       0x00000000       0x71 build/obj/hal.o
 .comment       0x00000000       0x71 build/obj/st.o
 .comment       0x00000000       0x71 build/obj/adc.o
 .comment       0x00000000       0x71 build/obj/icu.o
 .comment       0x00000000       0x71 build/obj/serial.o
 .comment       0x00000000       0x71 build/obj/spi.o
 .comment       0x00000000       0x71 build/obj/nvic.o
 .comment       0x00000000       0x71 build/obj/stm32_dma.o
 .comment       0x00000000       0x71 build/obj/hal_lld.o
 .comment       0x00000000       0x71 build/obj/st_lld.o
 .comment       0x00000000       0x71 build/obj/adc_lld.o
 .comment       0x00000000       0x71 build/obj/pal_lld.o
 .comment       0x00000000       0x71 build/obj/spi_lld.o
 .comment       0x00000000       0x71 build/obj/icu_lld.o
 .comment       0x00000000       0x71 build/obj/serial_lld.o
 .comment       0x00000000       0x71 build/obj/board.o
 .comment       0x00000000       0x71 build/obj/main.o

.debug_info     0x00000000    0x16fb6
 .debug_info    0x00000000       0x55 build/obj/crt1.o
 .debug_info    0x00000055      0x1e3 build/obj/vectors.o
 .debug_info    0x00000238     0x141b build/obj/chsys.o
 .debug_info    0x00001653      0x7d3 build/obj/chvt.o
 .debug_info    0x00001e26      0xaef build/obj/chschd.o
 .debug_info    0x00002915     0x1056 build/obj/chthreads.o
 .debug_info    0x0000396b      0x9d6 build/obj/chtm.o
 .debug_info    0x00004341      0x968 build/obj/chregistry.o
 .debug_info    0x00004ca9      0xb88 build/obj/chmtx.o
 .debug_info    0x00005831      0xd4f build/obj/chevents.o
 .debug_info    0x00006580      0xcd3 build/obj/chqueues.o
 .debug_info    0x00007253      0x8b8 build/obj/chmemcore.o
 .debug_info    0x00007b0b      0x986 build/obj/chheap.o
 .debug_info    0x00008491      0xc24 build/obj/chcore_v7m.o
 .debug_info    0x000090b5      0x81d build/obj/hal.o
 .debug_info    0x000098d2      0x984 build/obj/st.o
 .debug_info    0x0000a256     0x1023 build/obj/adc.o
 .debug_info    0x0000b279      0xcce build/obj/icu.o
 .debug_info    0x0000bf47     0x1079 build/obj/serial.o
 .debug_info    0x0000cfc0     0x109c build/obj/spi.o
 .debug_info    0x0000e05c      0xa90 build/obj/nvic.o
 .debug_info    0x0000eaec      0xfd2 build/obj/stm32_dma.o
 .debug_info    0x0000fabe      0x99e build/obj/hal_lld.o
 .debug_info    0x0001045c      0x86f build/obj/st_lld.o
 .debug_info    0x00010ccb     0x12b1 build/obj/adc_lld.o
 .debug_info    0x00011f7c      0xbf1 build/obj/pal_lld.o
 .debug_info    0x00012b6d     0x109b build/obj/spi_lld.o
 .debug_info    0x00013c08      0xe52 build/obj/icu_lld.o
 .debug_info    0x00014a5a     0x1027 build/obj/serial_lld.o
 .debug_info    0x00015a81      0x82c build/obj/board.o
 .debug_info    0x000162ad      0xd09 build/obj/main.o

.debug_abbrev   0x00000000     0x455e
 .debug_abbrev  0x00000000       0x2a build/obj/crt1.o
 .debug_abbrev  0x0000002a       0xc5 build/obj/vectors.o
 .debug_abbrev  0x000000ef      0x410 build/obj/chsys.o
 .debug_abbrev  0x000004ff      0x1a0 build/obj/chvt.o
 .debug_abbrev  0x0000069f      0x313 build/obj/chschd.o
 .debug_abbrev  0x000009b2      0x2ee build/obj/chthreads.o
 .debug_abbrev  0x00000ca0      0x1d2 build/obj/chtm.o
 .debug_abbrev  0x00000e72      0x1f9 build/obj/chregistry.o
 .debug_abbrev  0x0000106b      0x2a2 build/obj/chmtx.o
 .debug_abbrev  0x0000130d      0x2ae build/obj/chevents.o
 .debug_abbrev  0x000015bb      0x297 build/obj/chqueues.o
 .debug_abbrev  0x00001852      0x25d build/obj/chmemcore.o
 .debug_abbrev  0x00001aaf      0x22a build/obj/chheap.o
 .debug_abbrev  0x00001cd9      0x220 build/obj/chcore_v7m.o
 .debug_abbrev  0x00001ef9      0x155 build/obj/hal.o
 .debug_abbrev  0x0000204e      0x1ef build/obj/st.o
 .debug_abbrev  0x0000223d      0x2a9 build/obj/adc.o
 .debug_abbrev  0x000024e6      0x264 build/obj/icu.o
 .debug_abbrev  0x0000274a      0x2e8 build/obj/serial.o
 .debug_abbrev  0x00002a32      0x292 build/obj/spi.o
 .debug_abbrev  0x00002cc4      0x1b8 build/obj/nvic.o
 .debug_abbrev  0x00002e7c      0x219 build/obj/stm32_dma.o
 .debug_abbrev  0x00003095      0x198 build/obj/hal_lld.o
 .debug_abbrev  0x0000322d      0x1bd build/obj/st_lld.o
 .debug_abbrev  0x000033ea      0x30f build/obj/adc_lld.o
 .debug_abbrev  0x000036f9      0x1d0 build/obj/pal_lld.o
 .debug_abbrev  0x000038c9      0x2d5 build/obj/spi_lld.o
 .debug_abbrev  0x00003b9e      0x2fb build/obj/icu_lld.o
 .debug_abbrev  0x00003e99      0x2d9 build/obj/serial_lld.o
 .debug_abbrev  0x00004172      0x168 build/obj/board.o
 .debug_abbrev  0x000042da      0x284 build/obj/main.o

.debug_aranges  0x00000000      0xff0
 .debug_aranges
                0x00000000       0x30 build/obj/crt1.o
 .debug_aranges
                0x00000030       0x20 build/obj/vectors.o
 .debug_aranges
                0x00000050      0x100 build/obj/chsys.o
 .debug_aranges
                0x00000150       0x30 build/obj/chvt.o
 .debug_aranges
                0x00000180       0xd0 build/obj/chschd.o
 .debug_aranges
                0x00000250      0x160 build/obj/chthreads.o
 .debug_aranges
                0x000003b0       0x50 build/obj/chtm.o
 .debug_aranges
                0x00000400       0x48 build/obj/chregistry.o
 .debug_aranges
                0x00000448       0xa8 build/obj/chmtx.o
 .debug_aranges
                0x000004f0       0xc0 build/obj/chevents.o
 .debug_aranges
                0x000005b0       0xb8 build/obj/chqueues.o
 .debug_aranges
                0x00000668       0x58 build/obj/chmemcore.o
 .debug_aranges
                0x000006c0       0x40 build/obj/chheap.o
 .debug_aranges
                0x00000700       0x48 build/obj/chcore_v7m.o
 .debug_aranges
                0x00000748       0x28 build/obj/hal.o
 .debug_aranges
                0x00000770       0x60 build/obj/st.o
 .debug_aranges
                0x000007d0       0xd0 build/obj/adc.o
 .debug_aranges
                0x000008a0       0x90 build/obj/icu.o
 .debug_aranges
                0x00000930       0xe0 build/obj/serial.o
 .debug_aranges
                0x00000a10       0xe8 build/obj/spi.o
 .debug_aranges
                0x00000af8       0x38 build/obj/nvic.o
 .debug_aranges
                0x00000b30       0xb0 build/obj/stm32_dma.o
 .debug_aranges
                0x00000be0       0x30 build/obj/hal_lld.o
 .debug_aranges
                0x00000c10       0x70 build/obj/st_lld.o
 .debug_aranges
                0x00000c80       0xb8 build/obj/adc_lld.o
 .debug_aranges
                0x00000d38       0x30 build/obj/pal_lld.o
 .debug_aranges
                0x00000d68       0xc8 build/obj/spi_lld.o
 .debug_aranges
                0x00000e30       0x98 build/obj/icu_lld.o
 .debug_aranges
                0x00000ec8       0xb0 build/obj/serial_lld.o
 .debug_aranges
                0x00000f78       0x28 build/obj/board.o
 .debug_aranges
                0x00000fa0       0x50 build/obj/main.o

.debug_ranges   0x00000000      0xe00
 .debug_ranges  0x00000000       0x20 build/obj/crt1.o
 .debug_ranges  0x00000020       0x10 build/obj/vectors.o
 .debug_ranges  0x00000030       0xf0 build/obj/chsys.o
 .debug_ranges  0x00000120       0x20 build/obj/chvt.o
 .debug_ranges  0x00000140       0xc0 build/obj/chschd.o
 .debug_ranges  0x00000200      0x150 build/obj/chthreads.o
 .debug_ranges  0x00000350       0x40 build/obj/chtm.o
 .debug_ranges  0x00000390       0x38 build/obj/chregistry.o
 .debug_ranges  0x000003c8       0x98 build/obj/chmtx.o
 .debug_ranges  0x00000460       0xb0 build/obj/chevents.o
 .debug_ranges  0x00000510       0xa8 build/obj/chqueues.o
 .debug_ranges  0x000005b8       0x48 build/obj/chmemcore.o
 .debug_ranges  0x00000600       0x30 build/obj/chheap.o
 .debug_ranges  0x00000630       0x38 build/obj/chcore_v7m.o
 .debug_ranges  0x00000668       0x18 build/obj/hal.o
 .debug_ranges  0x00000680       0x50 build/obj/st.o
 .debug_ranges  0x000006d0       0xc0 build/obj/adc.o
 .debug_ranges  0x00000790       0x80 build/obj/icu.o
 .debug_ranges  0x00000810       0xd0 build/obj/serial.o
 .debug_ranges  0x000008e0       0xd8 build/obj/spi.o
 .debug_ranges  0x000009b8       0x28 build/obj/nvic.o
 .debug_ranges  0x000009e0       0xa0 build/obj/stm32_dma.o
 .debug_ranges  0x00000a80       0x20 build/obj/hal_lld.o
 .debug_ranges  0x00000aa0       0x60 build/obj/st_lld.o
 .debug_ranges  0x00000b00       0xa8 build/obj/adc_lld.o
 .debug_ranges  0x00000ba8       0x20 build/obj/pal_lld.o
 .debug_ranges  0x00000bc8       0xb8 build/obj/spi_lld.o
 .debug_ranges  0x00000c80       0x88 build/obj/icu_lld.o
 .debug_ranges  0x00000d08       0xa0 build/obj/serial_lld.o
 .debug_ranges  0x00000da8       0x18 build/obj/board.o
 .debug_ranges  0x00000dc0       0x40 build/obj/main.o

.debug_line     0x00000000     0x82e3
 .debug_line    0x00000000       0xa9 build/obj/crt1.o
 .debug_line    0x000000a9      0x159 build/obj/vectors.o
 .debug_line    0x00000202      0x5cf build/obj/chsys.o
 .debug_line    0x000007d1      0x295 build/obj/chvt.o
 .debug_line    0x00000a66      0x4e3 build/obj/chschd.o
 .debug_line    0x00000f49      0x676 build/obj/chthreads.o
 .debug_line    0x000015bf      0x2dd build/obj/chtm.o
 .debug_line    0x0000189c      0x353 build/obj/chregistry.o
 .debug_line    0x00001bef      0x47c build/obj/chmtx.o
 .debug_line    0x0000206b      0x4be build/obj/chevents.o
 .debug_line    0x00002529      0x504 build/obj/chqueues.o
 .debug_line    0x00002a2d      0x36a build/obj/chmemcore.o
 .debug_line    0x00002d97      0x35d build/obj/chheap.o
 .debug_line    0x000030f4      0x2f3 build/obj/chcore_v7m.o
 .debug_line    0x000033e7      0x30b build/obj/hal.o
 .debug_line    0x000036f2      0x351 build/obj/st.o
 .debug_line    0x00003a43      0x5d5 build/obj/adc.o
 .debug_line    0x00004018      0x4b1 build/obj/icu.o
 .debug_line    0x000044c9      0x601 build/obj/serial.o
 .debug_line    0x00004aca      0x6a6 build/obj/spi.o
 .debug_line    0x00005170      0x2a0 build/obj/nvic.o
 .debug_line    0x00005410      0x4da build/obj/stm32_dma.o
 .debug_line    0x000058ea      0x37a build/obj/hal_lld.o
 .debug_line    0x00005c64      0x3a7 build/obj/st_lld.o
 .debug_line    0x0000600b      0x61d build/obj/adc_lld.o
 .debug_line    0x00006628      0x314 build/obj/pal_lld.o
 .debug_line    0x0000693c      0x693 build/obj/spi_lld.o
 .debug_line    0x00006fcf      0x565 build/obj/icu_lld.o
 .debug_line    0x00007534      0x5bb build/obj/serial_lld.o
 .debug_line    0x00007aef      0x31c build/obj/board.o
 .debug_line    0x00007e0b      0x4d8 build/obj/main.o

.debug_str      0x00000000     0x3220
 .debug_str     0x00000000      0x191 build/obj/crt1.o
 .debug_str     0x00000191      0x1f4 build/obj/vectors.o
                                0x356 (size before relaxing)
 .debug_str     0x00000385      0xd6a build/obj/chsys.o
                                0xf8d (size before relaxing)
 .debug_str     0x000010ef       0x67 build/obj/chvt.o
                                0x5a2 (size before relaxing)
 .debug_str     0x00001156      0x174 build/obj/chschd.o
                                0x72a (size before relaxing)
 .debug_str     0x000012ca      0x253 build/obj/chthreads.o
                                0x819 (size before relaxing)
 .debug_str     0x0000151d       0xe4 build/obj/chtm.o
                                0x6e0 (size before relaxing)
 .debug_str     0x00001601       0x60 build/obj/chregistry.o
                                0x6df (size before relaxing)
 .debug_str     0x00001661       0xc8 build/obj/chmtx.o
                                0x685 (size before relaxing)
 .debug_str     0x00001729      0x20f build/obj/chevents.o
                                0x79d (size before relaxing)
 .debug_str     0x00001938      0x191 build/obj/chqueues.o
                                0x730 (size before relaxing)
 .debug_str     0x00001ac9       0x9d build/obj/chmemcore.o
                                0x61e (size before relaxing)
 .debug_str     0x00001b66       0xe5 build/obj/chheap.o
                                0x630 (size before relaxing)
 .debug_str     0x00001c4b       0xea build/obj/chcore_v7m.o
                                0x6cd (size before relaxing)
 .debug_str     0x00001d35       0xde build/obj/hal.o
                                0x610 (size before relaxing)
 .debug_str     0x00001e13       0xf9 build/obj/st.o
                                0x639 (size before relaxing)
 .debug_str     0x00001f0c      0x34e build/obj/adc.o
                                0x906 (size before relaxing)
 .debug_str     0x0000225a      0x1d4 build/obj/icu.o
                                0x7be (size before relaxing)
 .debug_str     0x0000242e      0x17c build/obj/serial.o
                                0x859 (size before relaxing)
 .debug_str     0x000025aa      0x20c build/obj/spi.o
                                0x883 (size before relaxing)
 .debug_str     0x000027b6       0x9b build/obj/nvic.o
                                0x69a (size before relaxing)
 .debug_str     0x00002851      0x255 build/obj/stm32_dma.o
                                0xd45 (size before relaxing)
 .debug_str     0x00002aa6       0xc7 build/obj/hal_lld.o
                                0x701 (size before relaxing)
 .debug_str     0x00002b6d       0xbe build/obj/st_lld.o
                                0x66b (size before relaxing)
 .debug_str     0x00002c2b      0x151 build/obj/adc_lld.o
                                0xf8d (size before relaxing)
 .debug_str     0x00002d7c       0xa7 build/obj/pal_lld.o
                                0x7cd (size before relaxing)
 .debug_str     0x00002e23      0x14a build/obj/spi_lld.o
                                0xa1e (size before relaxing)
 .debug_str     0x00002f6d      0x13b build/obj/icu_lld.o
                                0x925 (size before relaxing)
 .debug_str     0x000030a8       0xac build/obj/serial_lld.o
                                0x98f (size before relaxing)
 .debug_str     0x00003154       0x5d build/obj/board.o
                                0x637 (size before relaxing)
 .debug_str     0x000031b1       0x6f build/obj/main.o
                                0x7e8 (size before relaxing)

.debug_frame    0x00000000     0x2d00
 .debug_frame   0x00000000       0x40 build/obj/crt1.o
 .debug_frame   0x00000040       0x20 build/obj/vectors.o
 .debug_frame   0x00000060      0x2f0 build/obj/chsys.o
 .debug_frame   0x00000350       0x50 build/obj/chvt.o
 .debug_frame   0x000003a0      0x264 build/obj/chschd.o
 .debug_frame   0x00000604      0x43c build/obj/chthreads.o
 .debug_frame   0x00000a40       0xc0 build/obj/chtm.o
 .debug_frame   0x00000b00       0xb0 build/obj/chregistry.o
 .debug_frame   0x00000bb0      0x1f4 build/obj/chmtx.o
 .debug_frame   0x00000da4      0x250 build/obj/chevents.o
 .debug_frame   0x00000ff4      0x22c build/obj/chqueues.o
 .debug_frame   0x00001220       0xcc build/obj/chmemcore.o
 .debug_frame   0x000012ec       0xa4 build/obj/chheap.o
 .debug_frame   0x00001390       0xb8 build/obj/chcore_v7m.o
 .debug_frame   0x00001448       0x3c build/obj/hal.o
 .debug_frame   0x00001484       0xec build/obj/st.o
 .debug_frame   0x00001570      0x28c build/obj/adc.o
 .debug_frame   0x000017fc      0x1a8 build/obj/icu.o
 .debug_frame   0x000019a4      0x2bc build/obj/serial.o
 .debug_frame   0x00001c60      0x2e0 build/obj/spi.o
 .debug_frame   0x00001f40       0x70 build/obj/nvic.o
 .debug_frame   0x00001fb0      0x224 build/obj/stm32_dma.o
 .debug_frame   0x000021d4       0x4c build/obj/hal_lld.o
 .debug_frame   0x00002220      0x13c build/obj/st_lld.o
 .debug_frame   0x0000235c      0x20c build/obj/adc_lld.o
 .debug_frame   0x00002568       0x60 build/obj/pal_lld.o
 .debug_frame   0x000025c8      0x25c build/obj/spi_lld.o
 .debug_frame   0x00002824      0x1c0 build/obj/icu_lld.o
 .debug_frame   0x000029e4      0x210 build/obj/serial_lld.o
 .debug_frame   0x00002bf4       0x3c build/obj/board.o
 .debug_frame   0x00002c30       0xd0 build/obj/main.o

Cross Reference Table

Symbol                                            File
ADCD1                                             build/obj/adc_lld.o
ADCD2                                             build/obj/adc_lld.o
BusFault_Handler                                  build/obj/vectors.o
DebugMon_Handler                                  build/obj/vectors.o
HardFault_Handler                                 build/obj/vectors.o
ICUD2                                             build/obj/icu_lld.o
ICUD5                                             build/obj/icu_lld.o
MemManage_Handler                                 build/obj/vectors.o
NMI_Handler                                       build/obj/vectors.o
PendSV_Handler                                    build/obj/vectors.o
Reset_Handler                                     build/obj/crt0_v7m.o
SD2                                               build/obj/serial_lld.o
                                                  build/obj/main.o
SPID2                                             build/obj/spi_lld.o
SVC_Handler                                       build/obj/chcore_v7m.o
                                                  build/obj/vectors.o
SysTick_Handler                                   build/obj/st_lld.o
                                                  build/obj/vectors.o
SystemCoreClock                                   build/obj/hal_lld.o
UsageFault_Handler                                build/obj/vectors.o
Vector100                                         build/obj/vectors.o
Vector104                                         build/obj/vectors.o
Vector108                                         build/obj/icu_lld.o
                                                  build/obj/vectors.o
Vector10C                                         build/obj/vectors.o
Vector110                                         build/obj/vectors.o
Vector114                                         build/obj/vectors.o
Vector118                                         build/obj/vectors.o
Vector11C                                         build/obj/vectors.o
Vector120                                         build/obj/stm32_dma.o
                                                  build/obj/vectors.o
Vector124                                         build/obj/stm32_dma.o
                                                  build/obj/vectors.o
Vector128                                         build/obj/stm32_dma.o
                                                  build/obj/vectors.o
Vector12C                                         build/obj/stm32_dma.o
                                                  build/obj/vectors.o
Vector130                                         build/obj/stm32_dma.o
                                                  build/obj/vectors.o
Vector134                                         build/obj/vectors.o
Vector138                                         build/obj/vectors.o
Vector13C                                         build/obj/vectors.o
Vector140                                         build/obj/vectors.o
Vector144                                         build/obj/vectors.o
Vector148                                         build/obj/vectors.o
Vector14C                                         build/obj/vectors.o
Vector150                                         build/obj/stm32_dma.o
                                                  build/obj/vectors.o
Vector154                                         build/obj/stm32_dma.o
                                                  build/obj/vectors.o
Vector158                                         build/obj/stm32_dma.o
                                                  build/obj/vectors.o
Vector15C                                         build/obj/vectors.o
Vector160                                         build/obj/vectors.o
Vector164                                         build/obj/vectors.o
Vector168                                         build/obj/vectors.o
Vector16C                                         build/obj/vectors.o
Vector170                                         build/obj/vectors.o
Vector174                                         build/obj/vectors.o
Vector178                                         build/obj/vectors.o
Vector17C                                         build/obj/vectors.o
Vector180                                         build/obj/vectors.o
Vector184                                         build/obj/vectors.o
Vector188                                         build/obj/vectors.o
Vector18C                                         build/obj/vectors.o
Vector190                                         build/obj/vectors.o
Vector194                                         build/obj/vectors.o
Vector198                                         build/obj/vectors.o
Vector19C                                         build/obj/vectors.o
Vector1A0                                         build/obj/vectors.o
Vector1A4                                         build/obj/vectors.o
Vector1A8                                         build/obj/vectors.o
Vector1AC                                         build/obj/vectors.o
Vector1B0                                         build/obj/vectors.o
Vector1B4                                         build/obj/vectors.o
Vector1B8                                         build/obj/vectors.o
Vector1BC                                         build/obj/vectors.o
Vector1C                                          build/obj/vectors.o
Vector20                                          build/obj/vectors.o
Vector24                                          build/obj/vectors.o
Vector28                                          build/obj/vectors.o
Vector34                                          build/obj/vectors.o
Vector40                                          build/obj/vectors.o
Vector44                                          build/obj/vectors.o
Vector48                                          build/obj/vectors.o
Vector4C                                          build/obj/vectors.o
Vector50                                          build/obj/vectors.o
Vector54                                          build/obj/vectors.o
Vector58                                          build/obj/vectors.o
Vector5C                                          build/obj/vectors.o
Vector60                                          build/obj/vectors.o
Vector64                                          build/obj/vectors.o
Vector68                                          build/obj/vectors.o
Vector6C                                          build/obj/stm32_dma.o
                                                  build/obj/vectors.o
Vector70                                          build/obj/stm32_dma.o
                                                  build/obj/vectors.o
Vector74                                          build/obj/stm32_dma.o
                                                  build/obj/vectors.o
Vector78                                          build/obj/stm32_dma.o
                                                  build/obj/vectors.o
Vector7C                                          build/obj/stm32_dma.o
                                                  build/obj/vectors.o
Vector80                                          build/obj/stm32_dma.o
                                                  build/obj/vectors.o
Vector84                                          build/obj/stm32_dma.o
                                                  build/obj/vectors.o
Vector88                                          build/obj/adc_lld.o
                                                  build/obj/vectors.o
Vector8C                                          build/obj/vectors.o
Vector90                                          build/obj/vectors.o
Vector94                                          build/obj/vectors.o
Vector98                                          build/obj/vectors.o
Vector9C                                          build/obj/vectors.o
VectorA0                                          build/obj/vectors.o
VectorA4                                          build/obj/vectors.o
VectorA8                                          build/obj/vectors.o
VectorAC                                          build/obj/vectors.o
VectorB0                                          build/obj/icu_lld.o
                                                  build/obj/vectors.o
VectorB4                                          build/obj/vectors.o
VectorB8                                          build/obj/vectors.o
VectorBC                                          build/obj/vectors.o
VectorC0                                          build/obj/vectors.o
VectorC4                                          build/obj/vectors.o
VectorC8                                          build/obj/vectors.o
VectorCC                                          build/obj/vectors.o
VectorD0                                          build/obj/vectors.o
VectorD4                                          build/obj/vectors.o
VectorD8                                          build/obj/serial_lld.o
                                                  build/obj/vectors.o
VectorDC                                          build/obj/vectors.o
VectorE0                                          build/obj/vectors.o
VectorE4                                          build/obj/vectors.o
VectorE8                                          build/obj/vectors.o
VectorEC                                          build/obj/vectors.o
VectorF0                                          build/obj/vectors.o
VectorF4                                          build/obj/vectors.o
VectorF8                                          build/obj/vectors.o
VectorFC                                          build/obj/stm32_dma.o
                                                  build/obj/vectors.o
__ctype_ptr__                                     /opt/gcc-arm-none-eabi/bin/../lib/gcc/arm-none-eabi/4.9.3/../../../../arm-none-eabi/lib/armv7e-m/fpu/libg.a(lib_a-ctype_.o)
                                                  /opt/gcc-arm-none-eabi/bin/../lib/gcc/arm-none-eabi/4.9.3/../../../../arm-none-eabi/lib/armv7e-m/fpu/libg.a(lib_a-strcasecmp.o)
__default_exit                                    build/obj/crt1.o
                                                  build/obj/crt0_v7m.o
__early_init                                      build/obj/board.o
                                                  build/obj/crt1.o
                                                  build/obj/crt0_v7m.o
__fini_array_end                                  build/obj/crt0_v7m.o
__fini_array_start                                build/obj/crt0_v7m.o
__heap_base__                                     build/obj/chmemcore.o
__heap_end__                                      build/obj/chmemcore.o
__init_array_end                                  build/obj/crt0_v7m.o
__init_array_start                                build/obj/crt0_v7m.o
__late_init                                       build/obj/crt1.o
                                                  build/obj/crt0_v7m.o
__main_stack_base__                               build/obj/crt0_v7m.o
__main_stack_end__                                build/obj/vectors.o
                                                  build/obj/crt0_v7m.o
__process_stack_base__                            build/obj/crt0_v7m.o
__process_stack_end__                             build/obj/crt0_v7m.o
_bss_end                                          build/obj/crt0_v7m.o
_bss_start                                        build/obj/crt0_v7m.o
_core_init                                        build/obj/chmemcore.o
                                                  build/obj/chsys.o
_ctype_                                           /opt/gcc-arm-none-eabi/bin/../lib/gcc/arm-none-eabi/4.9.3/../../../../arm-none-eabi/lib/armv7e-m/fpu/libg.a(lib_a-ctype_.o)
_data                                             build/obj/crt0_v7m.o
_edata                                            build/obj/crt0_v7m.o
_heap_init                                        build/obj/chheap.o
                                                  build/obj/chsys.o
_pal_lld_init                                     build/obj/pal_lld.o
                                                  build/obj/hal.o
_pal_lld_setgroupmode                             build/obj/pal_lld.o
                                                  build/obj/main.o
                                                  build/obj/pal.o
_port_exit_from_isr                               build/obj/chcoreasm_v7m.o
                                                  build/obj/chcore_v7m.o
_port_irq_epilogue                                build/obj/chcore_v7m.o
                                                  build/obj/serial_lld.o
                                                  build/obj/icu_lld.o
                                                  build/obj/adc_lld.o
                                                  build/obj/st_lld.o
                                                  build/obj/stm32_dma.o
_port_switch                                      build/obj/chcoreasm_v7m.o
                                                  build/obj/chschd.o
_port_switch_from_isr                             build/obj/chcoreasm_v7m.o
                                                  build/obj/chcore_v7m.o
_port_thread_start                                build/obj/chcoreasm_v7m.o
                                                  build/obj/chthreads.o
_scheduler_init                                   build/obj/chschd.o
                                                  build/obj/chsys.o
_stm32_dma_streams                                build/obj/stm32_dma.o
                                                  build/obj/spi_lld.o
                                                  build/obj/adc_lld.o
_textdata                                         build/obj/crt0_v7m.o
_thread_init                                      build/obj/chthreads.o
                                                  build/obj/chsys.o
_tm_init                                          build/obj/chtm.o
                                                  build/obj/chsys.o
_unhandled_exception                              build/obj/vectors.o
_vectors                                          build/obj/vectors.o
_vt_init                                          build/obj/chvt.o
                                                  build/obj/chsys.o
adcAcquireBus                                     build/obj/adc.o
adcConvert                                        build/obj/adc.o
adcInit                                           build/obj/adc.o
                                                  build/obj/hal.o
adcObjectInit                                     build/obj/adc.o
                                                  build/obj/adc_lld.o
adcReleaseBus                                     build/obj/adc.o
adcSTM32DisableTSVREFE                            build/obj/adc_lld.o
adcSTM32DisableVBATE                              build/obj/adc_lld.o
adcSTM32EnableTSVREFE                             build/obj/adc_lld.o
adcSTM32EnableVBATE                               build/obj/adc_lld.o
adcStart                                          build/obj/adc.o
adcStartConversion                                build/obj/adc.o
adcStartConversionI                               build/obj/adc.o
adcStop                                           build/obj/adc.o
adcStopConversion                                 build/obj/adc.o
adcStopConversionI                                build/obj/adc.o
adc_lld_init                                      build/obj/adc_lld.o
                                                  build/obj/adc.o
adc_lld_start                                     build/obj/adc_lld.o
                                                  build/obj/adc.o
adc_lld_start_conversion                          build/obj/adc_lld.o
                                                  build/obj/adc.o
adc_lld_stop                                      build/obj/adc_lld.o
                                                  build/obj/adc.o
adc_lld_stop_conversion                           build/obj/adc_lld.o
                                                  build/obj/adc.o
boardInit                                         build/obj/board.o
                                                  build/obj/hal.o
ch                                                build/obj/chschd.o
                                                  build/obj/main.o
                                                  build/obj/shell.o
                                                  build/obj/chmsg.o
                                                  build/obj/chevents.o
                                                  build/obj/chcond.o
                                                  build/obj/chmtx.o
                                                  build/obj/chsem.o
                                                  build/obj/chregistry.o
                                                  build/obj/chtm.o
                                                  build/obj/chthreads.o
                                                  build/obj/chvt.o
                                                  build/obj/chsys.o
chCondBroadcast                                   build/obj/chcond.o
chCondBroadcastI                                  build/obj/chcond.o
chCondObjectInit                                  build/obj/chcond.o
chCondSignal                                      build/obj/chcond.o
chCondSignalI                                     build/obj/chcond.o
chCondWait                                        build/obj/chcond.o
chCondWaitS                                       build/obj/chcond.o
chCondWaitTimeout                                 build/obj/chcond.o
chCondWaitTimeoutS                                build/obj/chcond.o
chCoreAlloc                                       build/obj/chmemcore.o
                                                  build/obj/chheap.o
chCoreAllocI                                      build/obj/chmemcore.o
chCoreGetStatusX                                  build/obj/chmemcore.o
chEvtAddEvents                                    build/obj/chevents.o
chEvtBroadcastFlags                               build/obj/chevents.o
chEvtBroadcastFlagsI                              build/obj/chevents.o
                                                  build/obj/shell.o
                                                  build/obj/serial_lld.o
                                                  build/obj/serial.o
chEvtDispatch                                     build/obj/chevents.o
chEvtGetAndClearEvents                            build/obj/chevents.o
chEvtGetAndClearFlags                             build/obj/chevents.o
chEvtGetAndClearFlagsI                            build/obj/chevents.o
chEvtRegisterMaskWithFlags                        build/obj/chevents.o
chEvtSignal                                       build/obj/chevents.o
chEvtSignalI                                      build/obj/chevents.o
chEvtUnregister                                   build/obj/chevents.o
chEvtWaitAll                                      build/obj/chevents.o
chEvtWaitAllTimeout                               build/obj/chevents.o
chEvtWaitAny                                      build/obj/chevents.o
chEvtWaitAnyTimeout                               build/obj/chevents.o
chEvtWaitOne                                      build/obj/chevents.o
chEvtWaitOneTimeout                               build/obj/chevents.o
chHeapAlloc                                       build/obj/chheap.o
                                                  build/obj/chdynamic.o
chHeapFree                                        build/obj/chheap.o
                                                  build/obj/chdynamic.o
chHeapObjectInit                                  build/obj/chheap.o
chHeapStatus                                      build/obj/chheap.o
chIQGetTimeout                                    build/obj/chqueues.o
                                                  build/obj/serial.o
chIQObjectInit                                    build/obj/chqueues.o
                                                  build/obj/serial.o
chIQPutI                                          build/obj/chqueues.o
                                                  build/obj/serial.o
chIQReadTimeout                                   build/obj/chqueues.o
                                                  build/obj/serial.o
chIQResetI                                        build/obj/chqueues.o
                                                  build/obj/serial.o
chMBFetch                                         build/obj/chmboxes.o
chMBFetchI                                        build/obj/chmboxes.o
chMBFetchS                                        build/obj/chmboxes.o
chMBObjectInit                                    build/obj/chmboxes.o
chMBPost                                          build/obj/chmboxes.o
chMBPostAhead                                     build/obj/chmboxes.o
chMBPostAheadI                                    build/obj/chmboxes.o
chMBPostAheadS                                    build/obj/chmboxes.o
chMBPostI                                         build/obj/chmboxes.o
chMBPostS                                         build/obj/chmboxes.o
chMBReset                                         build/obj/chmboxes.o
chMBResetI                                        build/obj/chmboxes.o
chMsgRelease                                      build/obj/chmsg.o
chMsgSend                                         build/obj/chmsg.o
chMsgWait                                         build/obj/chmsg.o
chMtxLock                                         build/obj/chmtx.o
                                                  build/obj/spi.o
                                                  build/obj/adc.o
                                                  build/obj/chheap.o
chMtxLockS                                        build/obj/chmtx.o
                                                  build/obj/chcond.o
chMtxObjectInit                                   build/obj/chmtx.o
                                                  build/obj/spi.o
                                                  build/obj/adc.o
                                                  build/obj/chheap.o
chMtxTryLock                                      build/obj/chmtx.o
chMtxTryLockS                                     build/obj/chmtx.o
chMtxUnlock                                       build/obj/chmtx.o
                                                  build/obj/spi.o
                                                  build/obj/adc.o
                                                  build/obj/chheap.o
chMtxUnlockAll                                    build/obj/chmtx.o
chMtxUnlockS                                      build/obj/chmtx.o
                                                  build/obj/chcond.o
chOQGetI                                          build/obj/chqueues.o
                                                  build/obj/serial_lld.o
                                                  build/obj/serial.o
chOQObjectInit                                    build/obj/chqueues.o
                                                  build/obj/serial.o
chOQPutTimeout                                    build/obj/chqueues.o
                                                  build/obj/serial.o
chOQResetI                                        build/obj/chqueues.o
                                                  build/obj/serial.o
chOQWriteTimeout                                  build/obj/chqueues.o
                                                  build/obj/serial.o
chPoolAlloc                                       build/obj/chmempools.o
                                                  build/obj/chdynamic.o
chPoolAllocI                                      build/obj/chmempools.o
chPoolFree                                        build/obj/chmempools.o
                                                  build/obj/chdynamic.o
chPoolFreeI                                       build/obj/chmempools.o
chPoolLoadArray                                   build/obj/chmempools.o
chPoolObjectInit                                  build/obj/chmempools.o
chRegFirstThread                                  build/obj/chregistry.o
chRegNextThread                                   build/obj/chregistry.o
chSchDoReschedule                                 build/obj/chschd.o
                                                  build/obj/chcoreasm_v7m.o
chSchDoRescheduleAhead                            build/obj/chschd.o
chSchDoRescheduleBehind                           build/obj/chschd.o
                                                  build/obj/chthreads.o
chSchGoSleepS                                     build/obj/chschd.o
                                                  build/obj/chmsg.o
                                                  build/obj/chevents.o
                                                  build/obj/chcond.o
                                                  build/obj/chmtx.o
                                                  build/obj/chsem.o
                                                  build/obj/chthreads.o
chSchGoSleepTimeoutS                              build/obj/chschd.o
                                                  build/obj/chevents.o
                                                  build/obj/chcond.o
                                                  build/obj/chsem.o
                                                  build/obj/chthreads.o
chSchIsPreemptionRequired                         build/obj/chschd.o
                                                  build/obj/chcore_v7m.o
chSchReadyI                                       build/obj/chschd.o
                                                  build/obj/chmsg.o
                                                  build/obj/chevents.o
                                                  build/obj/chcond.o
                                                  build/obj/chmtx.o
                                                  build/obj/chsem.o
                                                  build/obj/chthreads.o
chSchRescheduleS                                  build/obj/chschd.o
                                                  build/obj/serial.o
                                                  build/obj/chmboxes.o
                                                  build/obj/chevents.o
                                                  build/obj/chcond.o
                                                  build/obj/chmtx.o
                                                  build/obj/chsem.o
                                                  build/obj/chthreads.o
                                                  build/obj/chsys.o
chSchWakeupS                                      build/obj/chschd.o
                                                  build/obj/chmsg.o
                                                  build/obj/chcond.o
                                                  build/obj/chmtx.o
                                                  build/obj/chsem.o
                                                  build/obj/chdynamic.o
                                                  build/obj/chthreads.o
chSemAddCounterI                                  build/obj/chsem.o
chSemObjectInit                                   build/obj/chsem.o
                                                  build/obj/chmboxes.o
chSemReset                                        build/obj/chsem.o
chSemResetI                                       build/obj/chsem.o
                                                  build/obj/chmboxes.o
chSemSignal                                       build/obj/chsem.o
chSemSignalI                                      build/obj/chsem.o
                                                  build/obj/chmboxes.o
chSemSignalWait                                   build/obj/chsem.o
chSemWait                                         build/obj/chsem.o
chSemWaitS                                        build/obj/chsem.o
chSemWaitTimeout                                  build/obj/chsem.o
chSemWaitTimeoutS                                 build/obj/chsem.o
                                                  build/obj/chmboxes.o
chSysGetStatusAndLockX                            build/obj/chsys.o
chSysHalt                                         build/obj/chsys.o
                                                  build/obj/spi_lld.o
chSysInit                                         build/obj/chsys.o
                                                  build/obj/main.o
chSysIntegrityCheckI                              build/obj/chsys.o
chSysIsCounterWithinX                             build/obj/chsys.o
chSysPolledDelayX                                 build/obj/chsys.o
chSysRestoreStatusX                               build/obj/chsys.o
chSysTimerHandlerI                                build/obj/chsys.o
                                                  build/obj/st_lld.o
chTMChainMeasurementToX                           build/obj/chtm.o
chTMObjectInit                                    build/obj/chtm.o
chTMStartMeasurementX                             build/obj/chtm.o
chTMStopMeasurementX                              build/obj/chtm.o
chThdAddRef                                       build/obj/chdynamic.o
chThdCreateFromHeap                               build/obj/chdynamic.o
                                                  build/obj/shell.o
chThdCreateFromMemoryPool                         build/obj/chdynamic.o
chThdCreateI                                      build/obj/chthreads.o
                                                  build/obj/chdynamic.o
chThdCreateStatic                                 build/obj/chthreads.o
                                                  build/obj/main.o
                                                  build/obj/shell.o
                                                  build/obj/chsys.o
chThdDequeueAllI                                  build/obj/chthreads.o
                                                  build/obj/chqueues.o
chThdDequeueNextI                                 build/obj/chthreads.o
                                                  build/obj/chqueues.o
chThdEnqueueTimeoutS                              build/obj/chthreads.o
                                                  build/obj/chqueues.o
chThdExit                                         build/obj/chthreads.o
                                                  build/obj/chcoreasm_v7m.o
chThdExitS                                        build/obj/chthreads.o
                                                  build/obj/shell.o
chThdRelease                                      build/obj/chdynamic.o
                                                  build/obj/chregistry.o
                                                  build/obj/chthreads.o
chThdResume                                       build/obj/chthreads.o
chThdResumeI                                      build/obj/chthreads.o
                                                  build/obj/spi_lld.o
                                                  build/obj/adc_lld.o
                                                  build/obj/adc.o
chThdResumeS                                      build/obj/chthreads.o
                                                  build/obj/adc.o
chThdSetPriority                                  build/obj/chthreads.o
chThdSleep                                        build/obj/chthreads.o
                                                  build/obj/main.o
chThdSleepUntil                                   build/obj/chthreads.o
chThdSleepUntilWindowed                           build/obj/chthreads.o
chThdStart                                        build/obj/chthreads.o
chThdSuspendS                                     build/obj/chthreads.o
                                                  build/obj/spi.o
                                                  build/obj/adc.o
chThdSuspendTimeoutS                              build/obj/chthreads.o
chThdTerminate                                    build/obj/chthreads.o
chThdWait                                         build/obj/chthreads.o
chThdYield                                        build/obj/chthreads.o
chVTDoResetI                                      build/obj/chvt.o
                                                  build/obj/chschd.o
chVTDoSetI                                        build/obj/chvt.o
                                                  build/obj/chschd.o
ch_debug                                          build/obj/chregistry.o
                                                  build/obj/chsys.o
chsnprintf                                        build/obj/chprintf.o
chvprintf                                         build/obj/chprintf.o
                                                  build/obj/shell.o
dmaInit                                           build/obj/stm32_dma.o
                                                  build/obj/hal_lld.o
dmaStreamAllocate                                 build/obj/stm32_dma.o
                                                  build/obj/spi_lld.o
                                                  build/obj/adc_lld.o
dmaStreamRelease                                  build/obj/stm32_dma.o
                                                  build/obj/spi_lld.o
                                                  build/obj/adc_lld.o
halInit                                           build/obj/hal.o
                                                  build/obj/main.o
hal_lld_init                                      build/obj/hal_lld.o
                                                  build/obj/hal.o
icuDisableNotifications                           build/obj/icu.o
icuEnableNotifications                            build/obj/icu.o
icuInit                                           build/obj/icu.o
                                                  build/obj/hal.o
icuObjectInit                                     build/obj/icu.o
                                                  build/obj/icu_lld.o
icuStart                                          build/obj/icu.o
icuStartCapture                                   build/obj/icu.o
icuStop                                           build/obj/icu.o
icuStopCapture                                    build/obj/icu.o
icuWaitCapture                                    build/obj/icu.o
icu_lld_disable_notifications                     build/obj/icu_lld.o
                                                  build/obj/icu.o
icu_lld_enable_notifications                      build/obj/icu_lld.o
                                                  build/obj/icu.o
icu_lld_init                                      build/obj/icu_lld.o
                                                  build/obj/icu.o
icu_lld_start                                     build/obj/icu_lld.o
                                                  build/obj/icu.o
icu_lld_start_capture                             build/obj/icu_lld.o
                                                  build/obj/icu.o
icu_lld_stop                                      build/obj/icu_lld.o
                                                  build/obj/icu.o
icu_lld_stop_capture                              build/obj/icu_lld.o
                                                  build/obj/icu.o
icu_lld_wait_capture                              build/obj/icu_lld.o
                                                  build/obj/icu.o
lis302dlReadRegister                              build/obj/lis302dl.o
lis302dlWriteRegister                             build/obj/lis302dl.o
main                                              build/obj/main.o
                                                  build/obj/crt0_v7m.o